Microsoft Windows [Version 10.0.16299.1087]
(c) 2017 Microsoft Corporation. All rights reserved.

C:\Users\RH00079362>nslookup hawkular-metrics.cloudapps.onlinesbi.com
Server:  corpchilddc11.corp.ad.sbi
Address:  10.0.239.236

*** corpchilddc11.corp.ad.sbi can't find hawkular-metrics.cloudapps.onlinesbi.com: Non-existent domain

C:\Users\RH00079362>


C:\Users\RH00079362>nslookup hawkular-metrics.cloudapps.onlinesbi.com
Server:  corpchilddc11.corp.ad.sbi
Address:  10.0.239.236

*** corpchilddc11.corp.ad.sbi can't find hawkular-metrics.cloudapps.onlinesbi.com: Non-existent domain


C:\Users\RH00079362>nslookup kibana.cloudapps.onlinesbi.com
Server:  corpchilddc11.corp.ad.sbi
Address:  10.0.239.236

*** corpchilddc11.corp.ad.sbi can't find kibana.cloudapps.onlinesbi.com: Non-existent domain



[root@upiuatmaster1 ocp]# cd gcons
[root@upiuatmaster1 gcons]# ls
docker-compose.yaml  Dockerfile  recon-engine-service-taskmanager-1.0.0.jar  recon_secrets.json
[root@upiuatmaster1 gcons]# cat Dockerfile
FROM registry.redhat.io/openjdk/openjdk-8-rhel8
WORKDIR /
ADD recon-engine-service-taskmanager-1.0.0.jar recon-engine-service-taskmanager-1.0.0.jar
CMD ["java","-jar","recon-engine-service-taskmanager-1.0.0.jar"]
[root@upiuatmaster1 gcons]# docker build -t gcons .
Sending build context to Docker daemon 43.13 MB
Step 1/4 : FROM registry.redhat.io/openjdk/openjdk-8-rhel8
 ---> 74ed141057b4
Step 2/4 : WORKDIR /
 ---> Using cache
 ---> 3f8f87409b9f
Step 3/4 : ADD recon-engine-service-taskmanager-1.0.0.jar recon-engine-service-taskmanager-1.0.0.jar
 ---> Using cache
 ---> aa14d701501d
Step 4/4 : CMD java -jar recon-engine-service-taskmanager-1.0.0.jar
 ---> Using cache
 ---> 1e239fbc3c1a
Successfully built 1e239fbc3c1a
[root@upiuatmaster1 gcons]#


[root@upiuatmaster1 gcons]# docker tag gcons docker-registry.default.svc:5000/sbigconsuat/gcons:v1
[root@upiuatmaster1 gcons]#

docker push docker-registry.default.svc:5000/sbigconsuat/gcons:v1


[root@upiuatmaster1 gcons]# docker push docker-registry.default.svc:5000/sbigconsuat/gcons:v1
The push refers to a repository [docker-registry.default.svc:5000/sbigconsuat/gcons]
8b47f96841df: Preparing
5a54b5648818: Preparing
614abdb6064c: Preparing
7c3e45609beb: Preparing
unauthorized: authentication required
[root@upiuatmaster1 gcons]#

\




[root@upiuatmaster1 gcons]# oc project sbigconsuat
Now using project "sbigconsuat" on server "https://upiuatmaster1.onlinesbi.com:8443".
[root@upiuatmaster1 gcons]# oc projets
Error: unknown command "projets" for "oc"

Did you mean this?
        process
        project
        projects

Run 'oc --help' for usage.
[root@upiuatmaster1 gcons]# oc projects
You have access to the following projects and can switch between them with 'oc project <projectname>':

    cicd-ocpadmin - CI/CD
    default
    dev-ocpadmin - Tasks - Dev
    kube-public
    kube-service-catalog
    kube-system
    management-infra
    openshift
    openshift-ansible-service-broker
    openshift-console
    openshift-infra
    openshift-logging
    openshift-metrics-server
    openshift-monitoring
    openshift-node
    openshift-sdn
    openshift-template-service-broker
    openshift-web-console
    sbigconstest
  * sbigconsuat
    sbiupidemo
    sbiupisit
    sbiupiuat
    stage-ocpadmin - Tasks - Stage
    testcicd

Using project "sbigconsuat" on server "https://upiuatmaster1.onlinesbi.com:8443".
[root@upiuatmaster1 gcons]# docker login docker-registry.default.svc:5000 -u $(oc whoami) -p $(oc whoami -t)
Login Succeeded
[root@upiuatmaster1 gcons]#


[root@upiuatmaster1 gcons]# oc projects
You have access to the following projects and can switch between them with 'oc project <projectname>':

    cicd-ocpadmin - CI/CD
    default
    dev-ocpadmin - Tasks - Dev
    kube-public
    kube-service-catalog
    kube-system
    management-infra
    openshift
    openshift-ansible-service-broker
    openshift-console
    openshift-infra
    openshift-logging
    openshift-metrics-server
    openshift-monitoring
    openshift-node
    openshift-sdn
    openshift-template-service-broker
    openshift-web-console
    sbigconstest
  * sbigconsuat
    sbiupidemo
    sbiupisit
    sbiupiuat
    stage-ocpadmin - Tasks - Stage
    testcicd

Using project "sbigconsuat" on server "https://upiuatmaster1.onlinesbi.com:8443".
[root@upiuatmaster1 gcons]# docker login docker-registry.default.svc:5000 -u $(oc whoami) -p $(oc whoami -t)
Login Succeeded
[root@upiuatmaster1 gcons]# ^C
[root@upiuatmaster1 gcons]# docker push docker-registry.default.svc:5000/sbigconsuat/gcons:v1
The push refers to a repository [docker-registry.default.svc:5000/sbigconsuat/gcons]
8b47f96841df: Pushed
5a54b5648818: Layer already exists
614abdb6064c: Layer already exists
7c3e45609beb: Layer already exists
v1: digest: sha256:6240ba6ba428a2309b968e86fd65ce68bdb2fea34360555e29145e99fb5b6053 size: 1162
[root@upiuatmaster1 gcons]#



